SWEEP  max_tokens=128  total_slots=64  reps=3  n values=[1, 2, 4, 8, 16, 32, 64]
  n=1   done: gen    4.9s  agg   26.2 tok/s  (spread 26.0-26.2)
  n=2   done: gen    8.5s  agg   30.2 tok/s  (spread 30.1-30.2)
  n=4   done: gen   13.0s  agg   39.3 tok/s  (spread 39.3-39.3)
  n=8   done: gen   23.8s  agg   43.1 tok/s  (spread 43.0-43.1)
  n=16  done: gen   35.9s  agg   57.1 tok/s  (spread 57.0-57.2)
  n=32  done: gen   51.7s  agg   79.3 tok/s  (spread 79.2-79.4)
  n=64  done: gen   93.8s  agg   87.3 tok/s  (spread 87.3-87.4)

   n   wall(s)  prompt(s)   gen(s)  tok/dec  agg tok/s  per-stream  speedup
--------------------------------------------------------------------------
   1      4.98       0.09     4.89     1.00       26.2       26.18    1.00x
   2      8.57       0.09     8.48     2.00       30.2       15.10    1.15x
   4     13.10       0.09    13.02     4.00       39.3        9.83    1.50x
   8     23.86       0.09    23.77     8.00       43.1        5.39    1.65x
  16     36.04       0.18    35.86    16.00       57.1        3.57    2.18x
  32     51.90       0.24    51.66    32.00       79.3        2.48    3.03x
  64     94.46       0.65    93.82    64.00       87.3        1.36    3.33x

(values are the median of 3 runs per n)

speedup = aggregate throughput(n) / throughput(1)
        = how much faster n completions as one request is vs serial
